This is XeTeX, Version 3.141592653-2.6-0.999997 (TeX Live 2025) (preloaded format=xelatex 2026.9.23)  23 SEP 2026 16:06
entering extended mode
 restricted \write18 enabled.
 %&-line parsing enabled.
**Presentation-2.tex
(./Presentation-2.tex
LaTeX2e <2025-11-01>
L3 programming layer <2026-01-19>

! LaTeX Error: File `beamer.cls' not found.

Type X to quit or <RETURN> to proceed,
or enter new name. (Default extension: cls)

Enter file name: 
! Emergency stop.
<read *> 
         
l.9 \newif
          \ifbibliography^^M
*** (cannot \read from terminal in nonstop modes)

 
Here is how much of TeX's memory you used:
 26 strings out of 470190
 510 string characters out of 5476487
 426408 words of memory out of 5000000
 28714 multiletter control sequences out of 15000+600000
 627721 words of font info for 40 fonts, out of 8000000 for 9000
 14 hyphenation exceptions out of 8191
 19i,0n,29p,94b,17s stack positions out of 10000i,1000n,20000p,200000b,200000s
No pages of output.
